20:18:21 **** Incremental Build of configuration Debug for project button ****
make -j12 all 
arm-none-eabi-gcc "../Core/Src/main.c" -mcpu=cortex-m3 -std=gnu11 -g3 -DDEBUG -DUSE_HAL_DRIVER -DSTM32F103x6 -c -I../Core/Inc -I../Drivers/STM32F1xx_HAL_Driver/Inc -I../Drivers/STM32F1xx_HAL_Driver/Inc/Legacy -I../Drivers/CMSIS/Device/ST/STM32F1xx/Include -I../Drivers/CMSIS/Include -O0 -ffunction-sections -fdata-sections -Wall -fstack-usage -MMD -MP -MF"Core/Src/main.d" -MT"Core/Src/main.o" --specs=nano.specs -mfloat-abi=soft -mthumb -o "Core/Src/main.o"
arm-none-eabi-gcc -o "button.elf" @"objects.list"   -mcpu=cortex-m3 -T"C:\Users\M S I\Desktop\New folder\button\STM32F103C6UX_FLASH.ld" --specs=nosys.specs -Wl,-Map="button.map" -Wl,--gc-sections -static --specs=nano.specs -mfloat-abi=soft -mthumb -Wl,--start-group -lc -lm -Wl,--end-group
Finished building target: button.elf
 
arm-none-eabi-size   button.elf 
arm-none-eabi-objdump -h -S  button.elf  > "button.list"
arm-none-eabi-objcopy  -O ihex  button.elf  "button.hex"
   text	   data	    bss	    dec	    hex	filename
   7248	     40	   1656	   8944	   22f0	button.elf
arm-none-eabi-objcopy  -O binary  button.elf  "button.bin"
Finished building: default.size.stdout
 
Finished building: button.hex
Finished building: button.bin
 
 
Finished building: button.list
 
